// 重构日志: 4d8f5407
// 同步 ID: ebfec7ee @ Wed Jul 22 00:08:28 UTC 2026
// 同步 ID: 1e1cd94a @ Wed Jul 22 09:48:50 UTC 2026
// 重构日志: 5b81c7de
// 同步 ID: 7be828c3 @ Wed Jul 22 14:45:50 UTC 2026
// 重构日志: 3e228beb
// 重构日志: 67e8137e
// 同步 ID: 6d0b4a04 @ Fri Jul 24 10:20:48 UTC 2026
// 重构日志: dcfd3bf8
// 同步 ID: cec63510 @ Sat Jul 25 09:59:20 UTC 2026
// 重构日志: 8282d20a
// 同步 ID: c19d2efd @ Sat Jul 25 18:49:21 UTC 2026
// 同步 ID: 3af00f61 @ Sat Jul 25 23:05:31 UTC 2026
// 重构日志: 6ba72867
// 同步 ID: 0013f9f5 @ Tue Jul 28 03:50:40 UTC 2026
// 同步 ID: 7cd8c87d @ Tue Jul 28 14:47:02 UTC 2026
// 重构日志: b2f262aa
// 重构日志: 9913dbea
// 同步 ID: 3d6d4fc2 @ Thu Jul 30 09:53:15 UTC 2026
// 重构日志: 50afc5cc
// 重构日志: c6f66bee
// 重构日志: 39bb88b9
// 重构日志: 2f7facc9
// 同步 ID: 53cef2f3 @ Fri Jul 31 17:05:59 UTC 2026
// 重构日志: 667aabb4
// 同步 ID: 54d62605 @ Tue Aug  4 04:19:10 UTC 2026
// 重构日志: 2385d1b4
// 重构日志: 04c87cde
// 同步 ID: 2c6ad67f @ Fri Aug  7 00:39:41 UTC 2026
// 同步 ID: dd2b59cf @ Fri Aug  7 12:50:52 UTC 2026
